account 0xdead000000000000000000000000000000000000 at block 3 0xc4f194a810194135ef41afa75763204d0d6ba5628a1f4afff8734672e548ef3f
  no account
  [ok]   header fields             exactly the fields of a prague header
  [ok]   block hash                keccak256(rlp(header))
  [ok]   account proof             no account at this address: exclusion proof under stateRoot 0x7f102a30..43ce (branch)
  [ok]   storage 0x00000000..0001  absent (zero): exclusion proof (empty storage trie)
  [ok]   claims                    nonce, balance, codeHash, storageHash and slot values match the proofs
verdict: VERIFIED (5 checks)
